// Vitest Snapshot v1, https://vitest.dev/guide/snapshot.html

exports[`Show (記事詳細ページ) > 正しくレンダリングされる（スナップショット） 1`] = `
<div>
  <div
    class="mb-4"
  >
    <div
      class="flex"
    >
      <div
        class="flex-auto"
      >
        <h2
          class="text-4xl"
        >
          記事詳細
        </h2>
      </div>
    </div>
  </div>
  <div
    class="flex"
  >
    <div
      class="flex-auto"
    >
      <dl
        class="md:flex md:gap-4 mb-2"
      >
        <dt
          class="font-bold w-1/4"
        >
          ID
        </dt>
        <dd
          class="w-3/4"
        >
          1
        </dd>
      </dl>
      <dl
        class="md:flex md:gap-4 mb-2"
      >
        <dt
          class="font-bold w-1/4"
        >
          タイトル
        </dt>
        <dd
          class="w-3/4"
        >
          テスト記事
        </dd>
      </dl>
      <dl
        class="md:flex md:gap-4 mb-2"
      >
        <dt
          class="font-bold w-1/4"
        >
          ステータス
        </dt>
        <dd
          class="w-3/4"
        >
          draft
        </dd>
      </dl>
      <dl
        class="md:flex md:gap-4 mb-2"
      >
        <dt
          class="font-bold w-1/4"
        >
          本文
        </dt>
        <dd
          class="w-3/4"
        >
          本文
改行
        </dd>
      </dl>
      <dl
        class="md:flex md:gap-4 mb-2"
      >
        <dt
          class="font-bold w-1/4"
        >
          作成日時
        </dt>
        <dd
          class="w-3/4"
        >
          12/1/2025, 12:00:00 AM
        </dd>
      </dl>
      <dl
        class="md:flex md:gap-4 mb-2"
      >
        <dt
          class="font-bold w-1/4"
        >
          更新日時
        </dt>
        <dd
          class="w-3/4"
        >
          12/1/2025, 12:00:00 AM
        </dd>
      </dl>
    </div>
  </div>
</div>
`;
