// Vitest Snapshot v1, https://vitest.dev/guide/snapshot.html

exports[`Show (記事詳細ページ) > 正しくレンダリングされる（スナップショット） 1`] = `
<div>
  <div
    data-testid="meta-tags"
  />
  <div
    class="mb-4"
  >
    <div
      class="flex flex-wrap items-center gap-4"
    >
      <div
        class="flex-auto"
      >
        <h2
          class="text-4xl"
        >
          記事詳細
        </h2>
      </div>
      <div
        class="flex flex-none items-center gap-2"
      >
        <button
          class="inline-flex items-center justify-center gap-2 whitespace-nowrap rounded-md text-sm font-medium transition-all disabled:pointer-events-none disabled:opacity-50 [&_svg]:pointer-events-none [&_svg:not([class*='size-'])]:size-4 shrink-0 [&_svg]:shrink-0 outline-none focus-visible:border-ring focus-visible:ring-[3px] aria-invalid:ring-destructive/20 dark:aria-invalid:ring-destructive/40 aria-invalid:border-destructive bg-destructive text-white hover:bg-destructive/90 focus-visible:ring-destructive/20 dark:focus-visible:ring-destructive/40 dark:bg-destructive/60 h-9 px-4 py-2 has-[>svg]:px-3"
          data-slot="button"
          type="button"
        >
          削除
        </button>
      </div>
    </div>
  </div>
  <div
    class="mb-4"
  >
    <div
      data-testid="flash-alert"
    />
  </div>
  <div
    class="flex"
  >
    <div
      class="flex-auto"
    >
      <dl
        class="md:flex md:gap-4 mb-2"
      >
        <dt
          class="font-bold w-1/4"
        >
          ID
        </dt>
        <dd
          class="w-3/4"
        >
          1
        </dd>
      </dl>
      <dl
        class="md:flex md:gap-4 mb-2"
      >
        <dt
          class="font-bold w-1/4"
        >
          タイトル
        </dt>
        <dd
          class="w-3/4"
        >
          テスト記事
        </dd>
      </dl>
      <dl
        class="md:flex md:gap-4 mb-2"
      >
        <dt
          class="font-bold w-1/4"
        >
          ステータス
        </dt>
        <dd
          class="w-3/4"
        >
          draft
        </dd>
      </dl>
      <dl
        class="md:flex md:gap-4 mb-2"
      >
        <dt
          class="font-bold w-1/4"
        >
          本文
        </dt>
        <dd
          class="w-3/4"
        >
          本文
改行
        </dd>
      </dl>
      <dl
        class="md:flex md:gap-4 mb-2"
      >
        <dt
          class="font-bold w-1/4"
        >
          作成日時
        </dt>
        <dd
          class="w-3/4"
        >
          12/1/2025, 12:00:00 AM
        </dd>
      </dl>
      <dl
        class="md:flex md:gap-4 mb-2"
      >
        <dt
          class="font-bold w-1/4"
        >
          更新日時
        </dt>
        <dd
          class="w-3/4"
        >
          12/1/2025, 12:00:00 AM
        </dd>
      </dl>
    </div>
  </div>
</div>
`;
