// Vitest Snapshot v1, https://vitest.dev/guide/snapshot.html

exports[`Articles > 正しくレンダリングされる（スナップショット） 1`] = `
<div>
  <div
    class="flex flex-col gap-4"
  >
    <div
      class="bg-card text-card-foreground flex flex-col gap-6 rounded-xl border py-6 shadow-sm"
      data-slot="card"
    >
      <div
        class="@container/card-header grid auto-rows-min grid-rows-[auto_auto] items-start gap-2 px-6 has-data-[slot=card-action]:grid-cols-[1fr_auto] [.border-b]:pb-6"
        data-slot="card-header"
      >
        <div
          class="leading-none font-semibold"
          data-slot="card-title"
        >
          テストタイトル1
        </div>
      </div>
      <div
        class="px-6"
        data-slot="card-content"
      >
        <p>
          テスト本文1
        </p>
      </div>
      <div
        class="flex items-center px-6 [.border-t]:pt-6"
        data-slot="card-footer"
      >
        <div
          class="w-full flex justify-end"
        >
          <a
            class="inline-flex items-center justify-center gap-2 whitespace-nowrap rounded-md text-sm font-medium transition-all disabled:pointer-events-none disabled:opacity-50 [&_svg]:pointer-events-none [&_svg:not([class*='size-'])]:size-4 shrink-0 [&_svg]:shrink-0 outline-none focus-visible:border-ring focus-visible:ring-ring/50 focus-visible:ring-[3px] aria-invalid:ring-destructive/20 dark:aria-invalid:ring-destructive/40 aria-invalid:border-destructive text-primary underline-offset-4 hover:underline h-9 px-4 py-2 has-[>svg]:px-3"
            data-slot="button"
            href="/articles/1"
          >
            続きを読む
          </a>
        </div>
      </div>
    </div>
    <div
      class="bg-card text-card-foreground flex flex-col gap-6 rounded-xl border py-6 shadow-sm"
      data-slot="card"
    >
      <div
        class="@container/card-header grid auto-rows-min grid-rows-[auto_auto] items-start gap-2 px-6 has-data-[slot=card-action]:grid-cols-[1fr_auto] [.border-b]:pb-6"
        data-slot="card-header"
      >
        <div
          class="leading-none font-semibold"
          data-slot="card-title"
        >
          テストタイトル2
        </div>
      </div>
      <div
        class="px-6"
        data-slot="card-content"
      >
        <p>
          テスト本文2
        </p>
      </div>
      <div
        class="flex items-center px-6 [.border-t]:pt-6"
        data-slot="card-footer"
      >
        <div
          class="w-full flex justify-end"
        >
          <a
            class="inline-flex items-center justify-center gap-2 whitespace-nowrap rounded-md text-sm font-medium transition-all disabled:pointer-events-none disabled:opacity-50 [&_svg]:pointer-events-none [&_svg:not([class*='size-'])]:size-4 shrink-0 [&_svg]:shrink-0 outline-none focus-visible:border-ring focus-visible:ring-ring/50 focus-visible:ring-[3px] aria-invalid:ring-destructive/20 dark:aria-invalid:ring-destructive/40 aria-invalid:border-destructive text-primary underline-offset-4 hover:underline h-9 px-4 py-2 has-[>svg]:px-3"
            data-slot="button"
            href="/articles/2"
          >
            続きを読む
          </a>
        </div>
      </div>
    </div>
  </div>
</div>
`;
