// Vitest Snapshot v1, https://vitest.dev/guide/snapshot.html

exports[`ArticleNewForm > エラーがある場合に正しくレンダリングされる（スナップショット） 1`] = `
<div>
  <form
    action="/admin/articles"
    method="post"
  >
    <div
      class="relative w-full rounded-lg border px-4 py-3 text-sm grid has-[>svg]:grid-cols-[calc(var(--spacing)*4)_1fr] grid-cols-[0_1fr] has-[>svg]:gap-x-3 gap-y-0.5 items-start [&>svg]:size-4 [&>svg]:translate-y-0.5 text-destructive bg-card [&>svg]:text-current *:data-[slot=alert-description]:text-destructive/90 mb-4"
      data-slot="alert"
      role="alert"
    >
      <svg
        aria-hidden="true"
        class="lucide lucide-circle-alert"
        fill="none"
        height="24"
        stroke="currentColor"
        stroke-linecap="round"
        stroke-linejoin="round"
        stroke-width="2"
        viewBox="0 0 24 24"
        width="24"
        xmlns="http://www.w3.org/2000/svg"
      >
        <circle
          cx="12"
          cy="12"
          r="10"
        />
        <line
          x1="12"
          x2="12"
          y1="8"
          y2="12"
        />
        <line
          x1="12"
          x2="12.01"
          y1="16"
          y2="16"
        />
      </svg>
      <div
        class="col-start-2 line-clamp-1 min-h-4 font-medium tracking-tight"
        data-slot="alert-title"
      >
        入力内容を確認してください。
      </div>
      <div
        class="text-muted-foreground col-start-2 grid justify-items-start gap-1 text-sm [&_p]:leading-relaxed"
        data-slot="alert-description"
      >
        <ul
          class="list-inside list-disc text-sm"
        >
          <li>
            その他のエラー
          </li>
        </ul>
      </div>
    </div>
    <div
      class="mb-4"
    >
      <label
        class="text-sm font-medium"
        for="article-title"
      >
        タイトル
      </label>
      <input
        aria-describedby="article-title-error"
        aria-invalid="true"
        class="file:text-foreground placeholder:text-muted-foreground selection:bg-primary selection:text-primary-foreground dark:bg-input/30 border-input h-9 w-full min-w-0 rounded-md border bg-transparent px-3 py-1 text-base shadow-xs transition-[color,box-shadow] outline-none file:inline-flex file:h-7 file:border-0 file:bg-transparent file:text-sm file:font-medium disabled:pointer-events-none disabled:cursor-not-allowed disabled:opacity-50 md:text-sm focus-visible:border-ring focus-visible:ring-ring/50 focus-visible:ring-[3px] aria-invalid:ring-destructive/20 dark:aria-invalid:ring-destructive/40 aria-invalid:border-destructive"
        data-slot="input"
        id="article-title"
        name="article[title]"
        value="テストタイトル"
      />
      <div
        id="article-title-error"
      >
        <ul>
          <li
            class="text-sm text-destructive"
          >
            タイトルエラー
          </li>
        </ul>
      </div>
    </div>
    <div
      class="mb-4"
    >
      <label
        class="text-sm font-medium"
        for="article-body"
      >
        本文
      </label>
      <textarea
        aria-describedby="article-body-error"
        aria-invalid="true"
        class="border-input placeholder:text-muted-foreground focus-visible:border-ring focus-visible:ring-ring/50 aria-invalid:ring-destructive/20 dark:aria-invalid:ring-destructive/40 aria-invalid:border-destructive dark:bg-input/30 flex field-sizing-content min-h-16 w-full rounded-md border bg-transparent px-3 py-2 text-base shadow-xs transition-[color,box-shadow] outline-none focus-visible:ring-[3px] disabled:cursor-not-allowed disabled:opacity-50 md:text-sm"
        data-slot="textarea"
        id="article-body"
        name="article[body]"
      >
        テスト本文
      </textarea>
      <div
        id="article-body-error"
      >
        <ul>
          <li
            class="text-sm text-destructive"
          >
            本文エラー1
          </li>
          <li
            class="text-sm text-destructive"
          >
            本文エラー2
          </li>
        </ul>
      </div>
    </div>
    <div
      class="mb-4"
    >
      <label
        class="text-sm font-medium"
        for="article-status"
      >
        ステータス
      </label>
      <div
        class="group/native-select relative has-[select:disabled]:opacity-50 w-full"
        data-slot="native-select-wrapper"
      >
        <select
          aria-describedby="article-status-error"
          aria-invalid="true"
          class="border-input placeholder:text-muted-foreground selection:bg-primary selection:text-primary-foreground dark:bg-input/30 dark:hover:bg-input/50 h-9 min-w-0 appearance-none rounded-md border bg-transparent px-3 py-2 pr-9 text-sm shadow-xs transition-[color,box-shadow] outline-none disabled:pointer-events-none disabled:cursor-not-allowed data-[size=sm]:h-8 data-[size=sm]:py-1 focus-visible:border-ring focus-visible:ring-ring/50 focus-visible:ring-[3px] aria-invalid:ring-destructive/20 dark:aria-invalid:ring-destructive/40 aria-invalid:border-destructive w-full"
          data-size="default"
          data-slot="native-select"
          id="article-status"
          name="article[status]"
        >
          <option
            data-slot="native-select-option"
            value="draft"
          >
            下書き
          </option>
          <option
            data-slot="native-select-option"
            value="published"
          >
            公開
          </option>
        </select>
        <svg
          aria-hidden="true"
          class="lucide lucide-chevron-down text-muted-foreground pointer-events-none absolute top-1/2 right-3.5 size-4 -translate-y-1/2 opacity-50 select-none"
          data-slot="native-select-icon"
          fill="none"
          height="24"
          stroke="currentColor"
          stroke-linecap="round"
          stroke-linejoin="round"
          stroke-width="2"
          viewBox="0 0 24 24"
          width="24"
          xmlns="http://www.w3.org/2000/svg"
        >
          <path
            d="m6 9 6 6 6-6"
          />
        </svg>
      </div>
      <div
        id="article-status-error"
      >
        <ul>
          <li
            class="text-sm text-destructive"
          >
            ステータスエラー
          </li>
        </ul>
      </div>
    </div>
    <div
      class="mb-4"
    >
      <label
        class="text-sm font-medium"
        for="article-published-at"
      >
        公開日時
      </label>
      <input
        aria-describedby="article-published-at-error"
        aria-invalid="true"
        class="file:text-foreground placeholder:text-muted-foreground selection:bg-primary selection:text-primary-foreground dark:bg-input/30 border-input h-9 w-full min-w-0 rounded-md border bg-transparent px-3 py-1 text-base shadow-xs transition-[color,box-shadow] outline-none file:inline-flex file:h-7 file:border-0 file:bg-transparent file:text-sm file:font-medium disabled:pointer-events-none disabled:cursor-not-allowed disabled:opacity-50 md:text-sm focus-visible:border-ring focus-visible:ring-ring/50 focus-visible:ring-[3px] aria-invalid:ring-destructive/20 dark:aria-invalid:ring-destructive/40 aria-invalid:border-destructive"
        data-slot="input"
        id="article-published-at"
        name="article[published_at]"
        type="datetime-local"
        value="2025-01-01T00:00"
      />
      <div
        id="article-published-at-error"
      >
        <ul>
          <li
            class="text-sm text-destructive"
          >
            公開日時エラー
          </li>
        </ul>
      </div>
    </div>
    <div
      class="mb-6"
    >
      <button
        aria-busy="true"
        class="inline-flex items-center justify-center gap-2 whitespace-nowrap rounded-md text-sm font-medium transition-all disabled:pointer-events-none disabled:opacity-50 [&_svg]:pointer-events-none [&_svg:not([class*='size-'])]:size-4 shrink-0 [&_svg]:shrink-0 outline-none focus-visible:border-ring focus-visible:ring-ring/50 focus-visible:ring-[3px] aria-invalid:ring-destructive/20 dark:aria-invalid:ring-destructive/40 aria-invalid:border-destructive bg-primary text-primary-foreground hover:bg-primary/90 h-9 px-4 py-2 has-[>svg]:px-3 w-full"
        data-slot="button"
        disabled=""
        type="submit"
      >
        送信
      </button>
    </div>
  </form>
</div>
`;

exports[`ArticleNewForm > エラーがない場合に正しくレンダリングされる（スナップショット） 1`] = `
<div>
  <form
    action="/admin/articles"
    method="post"
  >
    <div
      class="mb-4"
    >
      <label
        class="text-sm font-medium"
        for="article-title"
      >
        タイトル
      </label>
      <input
        class="file:text-foreground placeholder:text-muted-foreground selection:bg-primary selection:text-primary-foreground dark:bg-input/30 border-input h-9 w-full min-w-0 rounded-md border bg-transparent px-3 py-1 text-base shadow-xs transition-[color,box-shadow] outline-none file:inline-flex file:h-7 file:border-0 file:bg-transparent file:text-sm file:font-medium disabled:pointer-events-none disabled:cursor-not-allowed disabled:opacity-50 md:text-sm focus-visible:border-ring focus-visible:ring-ring/50 focus-visible:ring-[3px] aria-invalid:ring-destructive/20 dark:aria-invalid:ring-destructive/40 aria-invalid:border-destructive"
        data-slot="input"
        id="article-title"
        name="article[title]"
        value="テストタイトル"
      />
    </div>
    <div
      class="mb-4"
    >
      <label
        class="text-sm font-medium"
        for="article-body"
      >
        本文
      </label>
      <textarea
        class="border-input placeholder:text-muted-foreground focus-visible:border-ring focus-visible:ring-ring/50 aria-invalid:ring-destructive/20 dark:aria-invalid:ring-destructive/40 aria-invalid:border-destructive dark:bg-input/30 flex field-sizing-content min-h-16 w-full rounded-md border bg-transparent px-3 py-2 text-base shadow-xs transition-[color,box-shadow] outline-none focus-visible:ring-[3px] disabled:cursor-not-allowed disabled:opacity-50 md:text-sm"
        data-slot="textarea"
        id="article-body"
        name="article[body]"
      >
        テスト本文
      </textarea>
    </div>
    <div
      class="mb-4"
    >
      <label
        class="text-sm font-medium"
        for="article-status"
      >
        ステータス
      </label>
      <div
        class="group/native-select relative has-[select:disabled]:opacity-50 w-full"
        data-slot="native-select-wrapper"
      >
        <select
          class="border-input placeholder:text-muted-foreground selection:bg-primary selection:text-primary-foreground dark:bg-input/30 dark:hover:bg-input/50 h-9 min-w-0 appearance-none rounded-md border bg-transparent px-3 py-2 pr-9 text-sm shadow-xs transition-[color,box-shadow] outline-none disabled:pointer-events-none disabled:cursor-not-allowed data-[size=sm]:h-8 data-[size=sm]:py-1 focus-visible:border-ring focus-visible:ring-ring/50 focus-visible:ring-[3px] aria-invalid:ring-destructive/20 dark:aria-invalid:ring-destructive/40 aria-invalid:border-destructive w-full"
          data-size="default"
          data-slot="native-select"
          id="article-status"
          name="article[status]"
        >
          <option
            data-slot="native-select-option"
            value="draft"
          >
            下書き
          </option>
          <option
            data-slot="native-select-option"
            value="published"
          >
            公開
          </option>
        </select>
        <svg
          aria-hidden="true"
          class="lucide lucide-chevron-down text-muted-foreground pointer-events-none absolute top-1/2 right-3.5 size-4 -translate-y-1/2 opacity-50 select-none"
          data-slot="native-select-icon"
          fill="none"
          height="24"
          stroke="currentColor"
          stroke-linecap="round"
          stroke-linejoin="round"
          stroke-width="2"
          viewBox="0 0 24 24"
          width="24"
          xmlns="http://www.w3.org/2000/svg"
        >
          <path
            d="m6 9 6 6 6-6"
          />
        </svg>
      </div>
    </div>
    <div
      class="mb-4"
    >
      <label
        class="text-sm font-medium"
        for="article-published-at"
      >
        公開日時
      </label>
      <input
        class="file:text-foreground placeholder:text-muted-foreground selection:bg-primary selection:text-primary-foreground dark:bg-input/30 border-input h-9 w-full min-w-0 rounded-md border bg-transparent px-3 py-1 text-base shadow-xs transition-[color,box-shadow] outline-none file:inline-flex file:h-7 file:border-0 file:bg-transparent file:text-sm file:font-medium disabled:pointer-events-none disabled:cursor-not-allowed disabled:opacity-50 md:text-sm focus-visible:border-ring focus-visible:ring-ring/50 focus-visible:ring-[3px] aria-invalid:ring-destructive/20 dark:aria-invalid:ring-destructive/40 aria-invalid:border-destructive"
        data-slot="input"
        id="article-published-at"
        name="article[published_at]"
        type="datetime-local"
        value="2025-01-01T00:00"
      />
    </div>
    <div
      class="mb-6"
    >
      <button
        aria-busy="false"
        class="inline-flex items-center justify-center gap-2 whitespace-nowrap rounded-md text-sm font-medium transition-all disabled:pointer-events-none disabled:opacity-50 [&_svg]:pointer-events-none [&_svg:not([class*='size-'])]:size-4 shrink-0 [&_svg]:shrink-0 outline-none focus-visible:border-ring focus-visible:ring-ring/50 focus-visible:ring-[3px] aria-invalid:ring-destructive/20 dark:aria-invalid:ring-destructive/40 aria-invalid:border-destructive bg-primary text-primary-foreground hover:bg-primary/90 h-9 px-4 py-2 has-[>svg]:px-3 w-full"
        data-slot="button"
        type="submit"
      >
        送信
      </button>
    </div>
  </form>
</div>
`;
